
Krishna@DESKTOP-B95V4CI MINGW64 /g/HelloWorld
$ git config --global user.name "krishna7kmr"

Krishna@DESKTOP-B95V4CI MINGW64 /g/HelloWorld
$ git config --global user.email "kk77boe@gmail.com"

Krishna@DESKTOP-B95V4CI MINGW64 /g/HelloWorld
$ https://github.com/krishna7kmr/Validation.git
bash: https://github.com/krishna7kmr/Validation.git: No such file or directory

Krishna@DESKTOP-B95V4CI MINGW64 /g/HelloWorld
$ git init
Initialized empty Git repository in G:/HelloWorld/.git/

Krishna@DESKTOP-B95V4CI MINGW64 /g/HelloWorld (master)
$ git add .

Krishna@DESKTOP-B95V4CI MINGW64 /g/HelloWorld (master)
$ git  commit -m "hellowordText_Test"
[master (root-commit) f4a8cf7] hellowordText_Test
 1 file changed, 4 insertions(+)
 create mode 100644 ExploteHeloWorld.txt

Krishna@DESKTOP-B95V4CI MINGW64 /g/HelloWorld (master)
$ git push
fatal: No configured push destination.
Either specify the URL from the command-line or configure a remote repository using

    git remote add <name> <url>

and then push using the remote name

    git push <name>


Krishna@DESKTOP-B95V4CI MINGW64 /g/HelloWorld (master)
$ git status
On branch master
nothing to commit, working tree clean

Krishna@DESKTOP-B95V4CI MINGW64 /g/HelloWorld (master)
$ git remote add origin https://github.com/krishna7kmr/Validation.git

Krishna@DESKTOP-B95V4CI MINGW64 /g/HelloWorld (master)
$ git branch
* master

Krishna@DESKTOP-B95V4CI MINGW64 /g/HelloWorld (master)
$ git status
On branch master
nothing to commit, working tree clean

Krishna@DESKTOP-B95V4CI MINGW64 /g/HelloWorld (master)
$ git push
fatal: The current branch master has no upstream branch.
To push the current branch and set the remote as upstream, use

    git push --set-upstream origin master

To have this happen automatically for branches without a tracking
upstream, see 'push.autoSetupRemote' in 'git help config'.


Krishna@DESKTOP-B95V4CI MINGW64 /g/HelloWorld (master)
$ git add .

Krishna@DESKTOP-B95V4CI MINGW64 /g/HelloWorld (master)
$ git status
On branch master
nothing to commit, working tree clean

Krishna@DESKTOP-B95V4CI MINGW64 /g/HelloWorld (master)
$


Krishna@DESKTOP-B95V4CI MINGW64 /g/HelloWorld (master)
$

Krishna@DESKTOP-B95V4CI MINGW64 /g/HelloWorld (master)
$ git status
On branch master
Untracked files:
  (use "git add <file>..." to include in what will be committed)
        Test4.txt

nothing added to commit but untracked files present (use "git add" to track)

Krishna@DESKTOP-B95V4CI MINGW64 /g/HelloWorld (master)
$ git add .

Krishna@DESKTOP-B95V4CI MINGW64 /g/HelloWorld (master)
$ git push
fatal: The current branch master has no upstream branch.
To push the current branch and set the remote as upstream, use

    git push --set-upstream origin master

To have this happen automatically for branches without a tracking
upstream, see 'push.autoSetupRemote' in 'git help config'.


Krishna@DESKTOP-B95V4CI MINGW64 /g/HelloWorld (master)
$ git push origin master
To https://github.com/krishna7kmr/Validation.git
 ! [rejected]        master -> master (fetch first)
error: failed to push some refs to 'https://github.com/krishna7kmr/Validation.git'
hint: Updates were rejected because the remote contains work that you do not
hint: have locally. This is usually caused by another repository pushing to
hint: the same ref. If you want to integrate the remote changes, use
hint: 'git pull' before pushing again.
hint: See the 'Note about fast-forwards' in 'git push --help' for details.

Krishna@DESKTOP-B95V4CI MINGW64 /g/HelloWorld (master)
$ git pull master
fatal: 'master' does not appear to be a git repository
fatal: Could not read from remote repository.

Please make sure you have the correct access rights
and the repository exists.

Krishna@DESKTOP-B95V4CI MINGW64 /g/HelloWorld (master)
$ git pull master
fatal: 'master' does not appear to be a git repository
fatal: Could not read from remote repository.

Please make sure you have the correct access rights
and the repository exists.

Krishna@DESKTOP-B95V4CI MINGW64 /g/HelloWorld (master)
$ git pull origin master
remote: Enumerating objects: 66, done.
remote: Counting objects: 100% (66/66), done.
remote: Compressing objects: 100% (53/53), done.
remote: Total 66 (delta 1), reused 66 (delta 1), pack-reused 0 (from 0)
Unpacking objects: 100% (66/66), 52.96 KiB | 22.00 KiB/s, done.
From https://github.com/krishna7kmr/Validation
 * branch            master     -> FETCH_HEAD
 * [new branch]      master     -> origin/master
fatal: refusing to merge unrelated histories

Krishna@DESKTOP-B95V4CI MINGW64 /g/HelloWorld (master)
$ gist status
bash: gist: command not found

Krishna@DESKTOP-B95V4CI MINGW64 /g/HelloWorld (master)
$ git status
On branch master
Changes to be committed:
  (use "git restore --staged <file>..." to unstage)
        new file:   Test4.txt


Krishna@DESKTOP-B95V4CI MINGW64 /g/HelloWorld (master)
$ git push origin master
To https://github.com/krishna7kmr/Validation.git
 ! [rejected]        master -> master (non-fast-forward)
error: failed to push some refs to 'https://github.com/krishna7kmr/Validation.git'
hint: Updates were rejected because the tip of your current branch is behind
hint: its remote counterpart. If you want to integrate the remote changes,
hint: use 'git pull' before pushing again.
hint: See the 'Note about fast-forwards' in 'git push --help' for details.

Krishna@DESKTOP-B95V4CI MINGW64 /g/HelloWorld (master)
$

git remote add origin https://github.com/krishna7kmr/Validation.git
error: remote origin already exists.

Krishna@DESKTOP-B95V4CI MINGW64 /g/HelloWorld (master)
$ git add .

Krishna@DESKTOP-B95V4CI MINGW64 /g/HelloWorld (master)
$ git status
On branch master
Changes to be committed:
  (use "git restore --staged <file>..." to unstage)
        new file:   Test4.txt


Krishna@DESKTOP-B95V4CI MINGW64 /g/HelloWorld (master)
$ $ git
bash: $: command not found


Krishna@DESKTOP-B95V4CI MINGW64 /g/HelloWorld (master)
$ git push -u origin master
To https://github.com/krishna7kmr/Validation.git
 ! [rejected]        master -> master (non-fast-forward)
error: failed to push some refs to 'https://github.com/krishna7kmr/Validation.git'
hint: Updates were rejected because the tip of your current branch is behind
hint: its remote counterpart. If you want to integrate the remote changes,
hint: use 'git pull' before pushing again.
hint: See the 'Note about fast-forwards' in 'git push --help' for details.

Krishna@DESKTOP-B95V4CI MINGW64 /g/HelloWorld (master)
$ git branch
* master

Krishna@DESKTOP-B95V4CI MINGW64 /g/HelloWorld (master)
$ git pull origin master
From https://github.com/krishna7kmr/Validation
 * branch            master     -> FETCH_HEAD
fatal: refusing to merge unrelated histories

Krishna@DESKTOP-B95V4CI MINGW64 /g/HelloWorld (master)
$ git push -u origin master
To https://github.com/krishna7kmr/Validation.git
 ! [rejected]        master -> master (non-fast-forward)
error: failed to push some refs to 'https://github.com/krishna7kmr/Validation.git'
hint: Updates were rejected because the tip of your current branch is behind
hint: its remote counterpart. If you want to integrate the remote changes,
hint: use 'git pull' before pushing again.
hint: See the 'Note about fast-forwards' in 'git push --help' for details.

Krishna@DESKTOP-B95V4CI MINGW64 /g/HelloWorld (master)
$ git pull
remote: Enumerating objects: 29, done.
remote: Counting objects: 100% (29/29), done.
remote: Compressing objects: 100% (8/8), done.
remote: Total 15 (delta 5), reused 15 (delta 5), pack-reused 0 (from 0)
Unpacking objects: 100% (15/15), 1.43 KiB | 2.00 KiB/s, done.
From https://github.com/krishna7kmr/Validation
 * [new branch]      kri_606_featute -> origin/kri_606_featute
There is no tracking information for the current branch.
Please specify which branch you want to merge with.
See git-pull(1) for details.

    git pull <remote> <branch>

If you wish to set tracking information for this branch you can do so with:

    git branch --set-upstream-to=origin/<branch> master


Krishna@DESKTOP-B95V4CI MINGW64 /g/HelloWorld (master)
$ git push -u origin master
To https://github.com/krishna7kmr/Validation.git
 ! [rejected]        master -> master (non-fast-forward)
error: failed to push some refs to 'https://github.com/krishna7kmr/Validation.git'
hint: Updates were rejected because the tip of your current branch is behind
hint: its remote counterpart. If you want to integrate the remote changes,
hint: use 'git pull' before pushing again.
hint: See the 'Note about fast-forwards' in 'git push --help' for details.

Krishna@DESKTOP-B95V4CI MINGW64 /g/HelloWorld (master)
$ git push
fatal: The current branch master has no upstream branch.
To push the current branch and set the remote as upstream, use

    git push --set-upstream origin master

To have this happen automatically for branches without a tracking
upstream, see 'push.autoSetupRemote' in 'git help config'.


Krishna@DESKTOP-B95V4CI MINGW64 /g/HelloWorld (master)
$ push.autoSetupRemote
bash: push.autoSetupRemote: command not found

Krishna@DESKTOP-B95V4CI MINGW64 /g/HelloWorld (master)
$ git push origin master
To https://github.com/krishna7kmr/Validation.git
 ! [rejected]        master -> master (non-fast-forward)
error: failed to push some refs to 'https://github.com/krishna7kmr/Validation.git'
hint: Updates were rejected because the tip of your current branch is behind
hint: its remote counterpart. If you want to integrate the remote changes,
hint: use 'git pull' before pushing again.
hint: See the 'Note about fast-forwards' in 'git push --help' for details.

Krishna@DESKTOP-B95V4CI MINGW64 /g/HelloWorld (master)
$ git pull origin master
From https://github.com/krishna7kmr/Validation
 * branch            master     -> FETCH_HEAD
fatal: refusing to merge unrelated histories

Krishna@DESKTOP-B95V4CI MINGW64 /g/HelloWorld (master)
$ git fetch

Krishna@DESKTOP-B95V4CI MINGW64 /g/HelloWorld (master)
$ git push origin master
To https://github.com/krishna7kmr/Validation.git
 ! [rejected]        master -> master (non-fast-forward)
error: failed to push some refs to 'https://github.com/krishna7kmr/Validation.git'
hint: Updates were rejected because the tip of your current branch is behind
hint: its remote counterpart. If you want to integrate the remote changes,
hint: use 'git pull' before pushing again.
hint: See the 'Note about fast-forwards' in 'git push --help' for details.

Krishna@DESKTOP-B95V4CI MINGW64 /g/HelloWorld (master)
$ git pull origin master --rebase
error: cannot pull with rebase: Your index contains uncommitted changes.
error: Please commit or stash them.

Krishna@DESKTOP-B95V4CI MINGW64 /g/HelloWorld (master)
$ git push -f origin master
Enumerating objects: 3, done.
Counting objects: 100% (3/3), done.
Delta compression using up to 4 threads
Compressing objects: 100% (2/2), done.
Writing objects: 100% (3/3), 279 bytes | 69.00 KiB/s, done.
Total 3 (delta 0), reused 0 (delta 0), pack-reused 0
To https://github.com/krishna7kmr/Validation.git
 + 7590584...f4a8cf7 master -> master (forced update)

Krishna@DESKTOP-B95V4CI MINGW64 /g/HelloWorld (master)
$
